// Jest Snapshot v1, https://goo.gl/fbAQLP

exports[`UserQueries should query an me 1`] = `
Object {
  "data": Object {
    "me": Object {
      "email": "user0@violetit.com",
      "id": "FROZEN-ID",
      "username": "user#0",
    },
  },
}
`;
